// Jest Snapshot v1, https://goo.gl/fbAQLP

exports[`should render ExpenseListItem with item 1`] = `
<div>
  <Link
    replace={false}
    to="/edit/2"
  >
    <h3>
      Rent
    </h3>
  </Link>
  <p>
    Amount: 
    $1,095.00
  </p>
  <p>
    Created: 
    -345600000
  </p>
</div>
`;
