// Jest Snapshot v1, https://goo.gl/fbAQLP

exports[`should render ExpenseList with expenses 1`] = `
<div>
  <p>
    Viewing 
    3
     expenses 
    totalling: 
    $0.20
    .
  </p>
</div>
`;

exports[`should render ExpenseSummary with no expenses 1`] = `<div />`;
